../Drivers/CMSIS/Include/core_cm4.h:1809:22:__NVIC_SetPriority	16	static
../Drivers/CMSIS/Include/core_cm4.h:2059:26:ITM_SendChar	16	static,ignoring_inline_asm
../Core/Src/main.c:62:5:isMoving	24	static
../Core/Src/main.c:78:5:_write	32	static
../Core/Src/main.c:88:6:sendLostMessage	48	static
../Core/Src/main.c:96:6:LPTIM1_IRQHandler	8	static
../Core/Src/main.c:127:6:handleState	8	static
../Core/Src/main.c:145:5:main	8	static,ignoring_inline_asm
../Core/Src/main.c:229:6:SystemClock_Config	96	static
../Core/Src/main.c:269:13:MX_SPI3_Init	8	static
../Core/Src/main.c:302:13:MX_GPIO_Init	48	static
../Core/Src/main.c:359:6:Error_Handler	4	static,ignoring_inline_asm
