../Drivers/CMSIS/Include/core_cm4.h:1717:22:__NVIC_DisableIRQ	16	static,ignoring_inline_asm
../Drivers/CMSIS/Include/core_cm4.h:2059:26:ITM_SendChar	16	static,ignoring_inline_asm
../Core/Src/main.c:33:5:_write	32	static
../Core/Src/main.c:73:5:isMoving	24	static
../Core/Src/main.c:89:6:sendLostMessage	120	static
../Core/Src/main.c:99:6:TIM2_IRQHandler	8	static
../Core/Src/main.c:125:6:handleState	8	static
../Core/Src/main.c:143:5:main	16	static,ignoring_inline_asm
../Core/Src/main.c:206:6:SystemClock_Config	96	static
../Core/Src/main.c:246:13:MX_SPI3_Init	8	static
../Core/Src/main.c:279:13:MX_GPIO_Init	48	static
../Core/Src/main.c:336:6:Error_Handler	4	static,ignoring_inline_asm
