../Drivers/CMSIS/Include/core_cm4.h:2059:26:ITM_SendChar	16	static,ignoring_inline_asm
../Core/Src/main.c:32:5:_write	32	static
../Core/Src/main.c:72:5:isMoving	24	static
../Core/Src/main.c:88:6:sendLostMessage	104	static
../Core/Src/main.c:108:6:TIM2_IRQHandler	8	static
../Core/Src/main.c:134:6:handleState	8	static
../Core/Src/main.c:152:5:main	8	static
../Core/Src/main.c:191:6:SystemClock_Config	96	static
../Core/Src/main.c:231:13:MX_SPI3_Init	8	static
../Core/Src/main.c:264:13:MX_GPIO_Init	48	static
../Core/Src/main.c:321:6:Error_Handler	4	static,ignoring_inline_asm
