../Drivers/CMSIS/Include/core_cm4.h:2059:26:ITM_SendChar	16	static,ignoring_inline_asm
../Core/Src/main.c:34:5:_write	32	static
../Core/Src/main.c:74:5:isMoving	24	static
../Core/Src/main.c:90:6:sendLostMessage	104	static
../Core/Src/main.c:110:6:TIM2_IRQHandler	8	static
../Core/Src/main.c:136:6:handleState	8	static
../Core/Src/main.c:156:5:main	8	static,ignoring_inline_asm
../Core/Src/main.c:208:6:SystemClock_Config	96	static
../Core/Src/main.c:248:13:MX_SPI3_Init	8	static
../Core/Src/main.c:281:13:MX_GPIO_Init	48	static
../Core/Src/main.c:338:6:Error_Handler	4	static,ignoring_inline_asm
